[2m2026-08-27T17:05:48.981975Z[0m [32m INFO[0m [2mkaptaind[0m[2m:[0m Starting kaptaind
[2m2026-08-27T17:05:48.981989Z[0m [32m INFO[0m [2mkaptaind[0m[2m:[0m Watching repository at: /home/sal/lwoodz/
[2m2026-08-27T17:05:48.987404Z[0m [32m INFO[0m [2mkaptaind::daemon::runtime[0m[2m:[0m capability network_push is disabled
[2m2026-08-27T17:05:48.987411Z[0m [32m INFO[0m [2mkaptaind::daemon::runtime[0m[2m:[0m capability network_webhooks is disabled
[2m2026-08-27T17:05:48.987412Z[0m [32m INFO[0m [2mkaptaind::daemon::runtime[0m[2m:[0m capability network_inference is disabled
[2m2026-08-27T17:05:48.987413Z[0m [32m INFO[0m [2mkaptaind::daemon::runtime[0m[2m:[0m capability bundle_scoring is disabled
[2m2026-08-27T17:05:48.987414Z[0m [32m INFO[0m [2mkaptaind::daemon::runtime[0m[2m:[0m capability external_plugins is disabled
[2m2026-08-27T17:05:48.987482Z[0m [32m INFO[0m [2mkaptaind::daemon::health[0m[2m:[0m health server listening [3maddr[0m[2m=[0m127.0.0.1:3182
[2m2026-08-27T17:05:49.925965Z[0m [32m INFO[0m [2mkaptaind::angler::git_hooks[0m[2m:[0m Installed 7 git hooks
[2m2026-08-27T17:05:49.925993Z[0m [32m INFO[0m [2mkaptaind::angler[0m[2m:[0m Git hooks installed successfully
[2m2026-08-27T17:05:49.925999Z[0m [32m INFO[0m [2mkaptaind::daemon::scheduler[0m[2m:[0m Angler system initialized
[2m2026-08-27T17:10:54.928197Z[0m [32m INFO[0m [2mkaptaind::daemon::scheduler[0m[2m:[0m cluster window expired by timeout [3mcluster_id[0m[2m=[0m1f02cfc8-b175-46cb-a79e-b2d42075af20
[2m2026-08-27T17:10:56.912439Z[0m [33m WARN[0m [2mkaptaind::daemon::scheduler[0m[2m:[0m test hook failed; skipping automation [3mcode[0m[2m=[0mSome(101) [3mstderr[0m[2m=[0mFinished `test` profile [unoptimized + debuginfo] target(s) in 1.16s
     Running unittests src/lib.rs (target/debug/deps/lwoodz-63c5cee1be983b54)
     Running unittests src/main.rs (target/debug/deps/lwoodz-85136c6d1fda5b9d)
     Running unittests src/bin/cli.rs (target/debug/deps/lwoodz_cli-a6e56f7a39145aa1)
     Running tests/generate_integration.rs (target/debug/deps/generate_integration-ce563414172b59d1)
error: test failed, to rerun pass `--test generate_integration` [3mfailed_tests[0m[2m=[0m["generated_spdx_manifest_is_valid_spdx_23", "lwoodz_generate_dry_run_json", "overwrite_false_keeps_existing_files"]
[2m2026-08-27T17:13:16.656733Z[0m [32m INFO[0m [2mkaptaind::daemon::scheduler[0m[2m:[0m cluster window expired by timeout [3mcluster_id[0m[2m=[0mcfb0bf28-95d5-41aa-bbb7-38fa0ec3da6b
[2m2026-08-27T17:13:21.232349Z[0m [33m WARN[0m [2mkaptaind::daemon::scheduler[0m[2m:[0m test hook failed; skipping automation [3mcode[0m[2m=[0mSome(101) [3mstderr[0m[2m=[0mCompiling lwoodz v0.3.9 (/home/sal/lwoodz)
    Finished `test` profile [unoptimized + debuginfo] target(s) in 4.27s
     Running unittests src/lib.rs (target/debug/deps/lwoodz-63c5cee1be983b54)
     Running unittests src/main.rs (target/debug/deps/lwoodz-85136c6d1fda5b9d)
     Running unittests src/bin/cli.rs (target/debug/deps/lwoodz_cli-a6e56f7a39145aa1)
     Running tests/generate_integration.rs (target/debug/deps/generate_integration-ce563414172b59d1)
error: test failed, to rerun pass `--test generate_integration` [3mfailed_tests[0m[2m=[0m["generated_spdx_manifest_is_valid_spdx_23", "lwoodz_generate_dry_run_json", "overwrite_false_keeps_existing_files"]
[2m2026-08-27T17:15:54.928243Z[0m [32m INFO[0m [2mkaptaind::daemon::scheduler[0m[2m:[0m cluster window expired by timeout [3mcluster_id[0m[2m=[0m9ce0e617-f1b7-445b-99c6-c047fe80c02e
[2m2026-08-27T17:15:55.288626Z[0m [33m WARN[0m [2mkaptaind::daemon::scheduler[0m[2m:[0m test hook failed; skipping automation [3mcode[0m[2m=[0mSome(101) [3mstderr[0m[2m=[0mFinished `test` profile [unoptimized + debuginfo] target(s) in 0.13s
     Running unittests src/lib.rs (target/debug/deps/lwoodz-63c5cee1be983b54)
     Running unittests src/main.rs (target/debug/deps/lwoodz-85136c6d1fda5b9d)
     Running unittests src/bin/cli.rs (target/debug/deps/lwoodz_cli-a6e56f7a39145aa1)
     Running tests/generate_integration.rs (target/debug/deps/generate_integration-ce563414172b59d1)
error: test failed, to rerun pass `--test generate_integration` [3mfailed_tests[0m[2m=[0m["generated_spdx_manifest_is_valid_spdx_23", "lwoodz_generate_dry_run_json", "overwrite_false_keeps_existing_files"]
[2m2026-08-27T17:20:54.928495Z[0m [32m INFO[0m [2mkaptaind::daemon::scheduler[0m[2m:[0m cluster window expired by timeout [3mcluster_id[0m[2m=[0md131441a-e23f-45f3-b0dc-1976c9926c6d
[2m2026-08-27T17:20:55.331496Z[0m [33m WARN[0m [2mkaptaind::daemon::scheduler[0m[2m:[0m test hook failed; skipping automation [3mcode[0m[2m=[0mSome(101) [3mstderr[0m[2m=[0mFinished `test` profile [unoptimized + debuginfo] target(s) in 0.12s
     Running unittests src/lib.rs (target/debug/deps/lwoodz-63c5cee1be983b54)
     Running unittests src/main.rs (target/debug/deps/lwoodz-85136c6d1fda5b9d)
     Running unittests src/bin/cli.rs (target/debug/deps/lwoodz_cli-a6e56f7a39145aa1)
     Running tests/generate_integration.rs (target/debug/deps/generate_integration-ce563414172b59d1)
error: test failed, to rerun pass `--test generate_integration` [3mfailed_tests[0m[2m=[0m["generated_spdx_manifest_is_valid_spdx_23", "lwoodz_generate_dry_run_json", "overwrite_false_keeps_existing_files"]
[2m2026-08-27T17:25:54.929140Z[0m [32m INFO[0m [2mkaptaind::daemon::scheduler[0m[2m:[0m cluster window expired by timeout [3mcluster_id[0m[2m=[0m5746848c-8b36-4141-8c76-bb939c36f149
[2m2026-08-27T17:25:56.249778Z[0m [33m WARN[0m [2mkaptaind::daemon::scheduler[0m[2m:[0m test hook failed; skipping automation [3mcode[0m[2m=[0mSome(101) [3mstderr[0m[2m=[0mFinished `test` profile [unoptimized + debuginfo] target(s) in 0.56s
     Running unittests src/lib.rs (target/debug/deps/lwoodz-63c5cee1be983b54)
     Running unittests src/main.rs (target/debug/deps/lwoodz-85136c6d1fda5b9d)
     Running unittests src/bin/cli.rs (target/debug/deps/lwoodz_cli-a6e56f7a39145aa1)
     Running tests/generate_integration.rs (target/debug/deps/generate_integration-ce563414172b59d1)
error: test failed, to rerun pass `--test generate_integration` [3mfailed_tests[0m[2m=[0m["generated_spdx_manifest_is_valid_spdx_23", "lwoodz_generate_dry_run_json", "overwrite_false_keeps_existing_files"]
[2m2026-08-27T17:30:54.927973Z[0m [32m INFO[0m [2mkaptaind::daemon::scheduler[0m[2m:[0m cluster window expired by timeout [3mcluster_id[0m[2m=[0m3b6e927d-3983-42bf-8e68-e5b5915b1bdd
[2m2026-08-27T17:30:55.699878Z[0m [33m WARN[0m [2mkaptaind::daemon::scheduler[0m[2m:[0m test hook failed; skipping automation [3mcode[0m[2m=[0mSome(101) [3mstderr[0m[2m=[0mBlocking waiting for file lock on package cache
    Finished `test` profile [unoptimized + debuginfo] target(s) in 0.35s
     Running unittests src/lib.rs (target/debug/deps/lwoodz-63c5cee1be983b54)
     Running unittests src/main.rs (target/debug/deps/lwoodz-85136c6d1fda5b9d)
     Running unittests src/bin/cli.rs (target/debug/deps/lwoodz_cli-a6e56f7a39145aa1)
     Running tests/generate_integration.rs (target/debug/deps/generate_integration-ce563414172b59d1)
error: test failed, to rerun pass `--test generate_integration` [3mfailed_tests[0m[2m=[0m["generated_spdx_manifest_is_valid_spdx_23", "lwoodz_generate_dry_run_json", "overwrite_false_keeps_existing_files"]
[2m2026-08-27T17:34:18.945495Z[0m [32m INFO[0m [2mkaptaind::daemon::scheduler[0m[2m:[0m cluster window expired by timeout [3mcluster_id[0m[2m=[0ma508c865-b9c8-42a6-8985-e39536f6d451
[2m2026-08-27T17:36:56.814476Z[0m [33m WARN[0m [2mkaptaind::daemon::scheduler[0m[2m:[0m test hook failed; skipping automation [3mcode[0m[2m=[0mSome(101) [3mstderr[0m[2m=[0mBlocking waiting for file lock on package cache
    Blocking waiting for file lock on package cache
    Blocking waiting for file lock on package cache
   Compiling lwoodz v0.3.9 (/home/sal/lwoodz)
    Finished `test` profile [unoptimized + debuginfo] target(s) in 2m 01s
     Running unittests src/lib.rs (target/debug/deps/lwoodz-63c5cee1be983b54)
     Running unittests src/main.rs (target/debug/deps/lwoodz-85136c6d1fda5b9d)
     Running unittests src/bin/cli.rs (target/debug/deps/lwoodz_cli-a6e56f7a39145aa1)
     Running tests/generate_integration.rs (target/debug/deps/generate_integration-ce563414172b59d1)
error: test failed, to rerun pass `--test generate_integration` [3mfailed_tests[0m[2m=[0m["generated_spdx_manifest_is_valid_spdx_23", "lwoodz_generate_dry_run_json", "overwrite_false_keeps_existing_files"]
[2m2026-08-27T17:37:02.301102Z[0m [32m INFO[0m [2mkaptaind::daemon::scheduler[0m[2m:[0m cluster window expired by timeout [3mcluster_id[0m[2m=[0m70fd8694-0ab8-43d3-90a1-537c13113552
[2m2026-08-27T17:37:15.865698Z[0m [33m WARN[0m [2mkaptaind::daemon::scheduler[0m[2m:[0m test hook failed; skipping automation [3mcode[0m[2m=[0mSome(101) [3mstderr[0m[2m=[0mFinished `test` profile [unoptimized + debuginfo] target(s) in 11.83s
     Running unittests src/lib.rs (target/debug/deps/lwoodz-63c5cee1be983b54)
     Running unittests src/main.rs (target/debug/deps/lwoodz-85136c6d1fda5b9d)
     Running unittests src/bin/cli.rs (target/debug/deps/lwoodz_cli-a6e56f7a39145aa1)
     Running tests/generate_integration.rs (target/debug/deps/generate_integration-ce563414172b59d1)
error: test failed, to rerun pass `--test generate_integration` [3mfailed_tests[0m[2m=[0m["generated_spdx_manifest_is_valid_spdx_23", "lwoodz_generate_dry_run_json", "overwrite_false_keeps_existing_files"]
[2m2026-08-27T17:40:54.779547Z[0m [32m INFO[0m [2mkaptaind::daemon::scheduler[0m[2m:[0m cluster window expired by timeout [3mcluster_id[0m[2m=[0me0d2f3dc-603b-4342-8304-bc18e169936b
[2m2026-08-27T17:41:13.807141Z[0m [33m WARN[0m [2mkaptaind::daemon::scheduler[0m[2m:[0m test hook failed; skipping automation [3mcode[0m[2m=[0mSome(101) [3mstderr[0m[2m=[0mBlocking waiting for file lock on package cache
    Blocking waiting for file lock on package cache
    Blocking waiting for file lock on package cache
    Finished `test` profile [unoptimized + debuginfo] target(s) in 9.79s
     Running unittests src/lib.rs (target/debug/deps/lwoodz-63c5cee1be983b54)
     Running unittests src/main.rs (target/debug/deps/lwoodz-85136c6d1fda5b9d)
     Running unittests src/bin/cli.rs (target/debug/deps/lwoodz_cli-a6e56f7a39145aa1)
     Running tests/generate_integration.rs (target/debug/deps/generate_integration-ce563414172b59d1)
error: test failed, to rerun pass `--test generate_integration` [3mfailed_tests[0m[2m=[0m["generated_spdx_manifest_is_valid_spdx_23", "lwoodz_generate_dry_run_json", "overwrite_false_keeps_existing_files"]
[2m2026-08-27T17:41:49.143124Z[0m [32m INFO[0m [2mkaptaind::daemon::scheduler[0m[2m:[0m cluster window expired by timeout [3mcluster_id[0m[2m=[0m035e354f-b708-40d6-a166-dcc9eaa9e7b4
[2m2026-08-27T17:41:49.828362Z[0m [33m WARN[0m [2mkaptaind::daemon::scheduler[0m[2m:[0m test hook failed; skipping automation [3mcode[0m[2m=[0mSome(101) [3mstderr[0m[2m=[0mFinished `test` profile [unoptimized + debuginfo] target(s) in 0.10s
     Running unittests src/lib.rs (target/debug/deps/lwoodz-63c5cee1be983b54)
     Running unittests src/main.rs (target/debug/deps/lwoodz-85136c6d1fda5b9d)
     Running unittests src/bin/cli.rs (target/debug/deps/lwoodz_cli-a6e56f7a39145aa1)
     Running tests/generate_integration.rs (target/debug/deps/generate_integration-ce563414172b59d1)
error: test failed, to rerun pass `--test generate_integration` [3mfailed_tests[0m[2m=[0m["generated_spdx_manifest_is_valid_spdx_23", "lwoodz_generate_dry_run_json", "overwrite_false_keeps_existing_files"]
[2m2026-08-27T17:45:31.974006Z[0m [32m INFO[0m [2mkaptaind::daemon::scheduler[0m[2m:[0m cluster window expired by timeout [3mcluster_id[0m[2m=[0m109fd4fb-0223-4af0-a907-267b9c17618c
[2m2026-08-27T17:46:05.792614Z[0m [33m WARN[0m [2mkaptaind::daemon::scheduler[0m[2m:[0m test hook failed; skipping automation [3mcode[0m[2m=[0mSome(101) [3mstderr[0m[2m=[0mBlocking waiting for file lock on package cache
   Compiling lwoodz v0.3.9 (/home/sal/lwoodz)
    Finished `test` profile [unoptimized + debuginfo] target(s) in 32.95s
     Running unittests src/lib.rs (target/debug/deps/lwoodz-63c5cee1be983b54)
     Running unittests src/main.rs (target/debug/deps/lwoodz-85136c6d1fda5b9d)
     Running unittests src/bin/cli.rs (target/debug/deps/lwoodz_cli-a6e56f7a39145aa1)
     Running tests/generate_integration.rs (target/debug/deps/generate_integration-ce563414172b59d1)
error: test failed, to rerun pass `--test generate_integration` [3mfailed_tests[0m[2m=[0m["generated_spdx_manifest_is_valid_spdx_23", "lwoodz_generate_dry_run_json", "overwrite_false_keeps_existing_files"]
[2m2026-08-27T17:46:10.799232Z[0m [32m INFO[0m [2mkaptaind::daemon::scheduler[0m[2m:[0m cluster window expired by timeout [3mcluster_id[0m[2m=[0m4c160243-d891-48cf-b908-a1a362af25d5
[2m2026-08-27T17:46:14.521683Z[0m [33m WARN[0m [2mkaptaind::daemon::scheduler[0m[2m:[0m test hook failed; skipping automation [3mcode[0m[2m=[0mSome(101) [3mstderr[0m[2m=[0mFinished `test` profile [unoptimized + debuginfo] target(s) in 2.68s
     Running unittests src/lib.rs (target/debug/deps/lwoodz-63c5cee1be983b54)
     Running unittests src/main.rs (target/debug/deps/lwoodz-85136c6d1fda5b9d)
     Running unittests src/bin/cli.rs (target/debug/deps/lwoodz_cli-a6e56f7a39145aa1)
     Running tests/generate_integration.rs (target/debug/deps/generate_integration-ce563414172b59d1)
error: test failed, to rerun pass `--test generate_integration` [3mfailed_tests[0m[2m=[0m["generated_spdx_manifest_is_valid_spdx_23", "lwoodz_generate_dry_run_json", "overwrite_false_keeps_existing_files"]
[2m2026-08-27T17:46:21.025996Z[0m [32m INFO[0m [2mkaptaind::daemon::scheduler[0m[2m:[0m cluster window expired by timeout [3mcluster_id[0m[2m=[0m4efb78ff-e70a-462e-9f04-fdf39d2c6c0c
[2m2026-08-27T17:46:24.310703Z[0m [33m WARN[0m [2mkaptaind::daemon::scheduler[0m[2m:[0m test hook failed; skipping automation [3mcode[0m[2m=[0mSome(101) [3mstderr[0m[2m=[0mCompiling lwoodz v0.3.9 (/home/sal/lwoodz)
error[E0609]: no field `project_url` on type `ProjectConfig`
   --> src/generate/mod.rs:276:37
    |
276 |     if let Some(url) = &cfg.project.project_url {
    |                                     ^^^^^^^^^^^ unknown field
    |
    = note: available fields are: `license`, `copyright_holder`, `copyright_year`, `copyright_holder_email`, `project_name` ... and 2 others

error[E0609]: no field `project_url` on type `ProjectConfig`
   --> src/generate/mod.rs:303:41
    |
303 |         "downloadLocation": cfg.project.project_url.as_deref().unwrap_or("NOASSERTION"),
    |                                         ^^^^^^^^^^^ unknown field
    |
    = note: available fields are: `license`, `copyright_holder`, `copyright_year`, `copyright_holder_email`, `project_name` ... and 2 others

For more information about this error, try `rustc --explain E0609`.
error: could not compile `lwoodz` (lib test) due to 2 previous errors
warning: build failed, waiting for other jobs to finish...
error: could not compile `lwoodz` (lib) due to 2 previous errors [3mfailed_tests[0m[2m=[0m[]
[2m2026-08-27T17:47:06.504091Z[0m [32m INFO[0m [2mkaptaind::daemon::scheduler[0m[2m:[0m cluster window expired by timeout [3mcluster_id[0m[2m=[0maecdccc9-cf91-4154-af20-775bc7622737
[2m2026-08-27T17:47:12.155244Z[0m [33m WARN[0m [2mkaptaind::daemon::scheduler[0m[2m:[0m test hook failed; skipping automation [3mcode[0m[2m=[0mSome(101) [3mstderr[0m[2m=[0mCompiling lwoodz v0.3.9 (/home/sal/lwoodz)
error[E0609]: no field `project_url` on type `ProjectConfig`
   --> src/generate/mod.rs:276:37
    |
276 |     if let Some(url) = &cfg.project.project_url {
    |                                     ^^^^^^^^^^^ unknown field
    |
    = note: available fields are: `license`, `copyright_holder`, `copyright_year`, `copyright_holder_email`, `project_name` ... and 2 others

error[E0609]: no field `project_url` on type `ProjectConfig`
   --> src/generate/mod.rs:303:41
    |
303 |         "downloadLocation": cfg.project.project_url.as_deref().unwrap_or("NOASSERTION"),
    |                                         ^^^^^^^^^^^ unknown field
    |
    = note: available fields are: `license`, `copyright_holder`, `copyright_year`, `copyright_holder_email`, `project_name` ... and 2 others

For more information about this error, try `rustc --explain E0609`.
error: could not compile `lwoodz` (lib) due to 2 previous errors
warning: build failed, waiting for other jobs to finish...
error: could not compile `lwoodz` (lib test) due to 2 previous errors [3mfailed_tests[0m[2m=[0m[]
[2m2026-08-27T17:47:46.796945Z[0m [32m INFO[0m [2mkaptaind::daemon::scheduler[0m[2m:[0m cluster window expired by timeout [3mcluster_id[0m[2m=[0m79fc8bb7-e15f-412d-955a-f5bfebd649bd
[2m2026-08-27T17:48:04.416850Z[0m [33m WARN[0m [2mkaptaind::daemon::scheduler[0m[2m:[0m test hook failed; skipping automation [3mcode[0m[2m=[0mSome(101) [3mstderr[0m[2m=[0mCompiling lwoodz v0.3.9 (/home/sal/lwoodz)
error: linking with `cc` failed: exit status: 1
  |
  = note:  "cc" "-m64" "/home/sal/lwoodz/target/debug/deps/rustcP4VEzL/symbols.o" "<102 object files omitted>" "-Wl,--as-needed" "-Wl,-Bstatic" "/home/sal/lwoodz/target/debug/deps/{liblwoodz-fbeb0ee9dc3c87e3,libdirs-cc1fec940564726b,libdirs_sys-6b17d03f6d5b7f64,liboption_ext-580e0ca150cb4b2e,libreqwest-2db2df7045b60ad1,libserde_urlencoded-984e18d8188ea168,libryu-6e59eadf09c18c08,libhyper_rustls-12c7fd1237752a31,libwebpki_roots-c54b0ce65e16b44c,libtokio_rustls-388c7800bc8e4b92,librustls-1b9f2f69b8cee5d8,libsubtle-7d0938882ee0c743,libwebpki-36e00c1ff23218d1,libring-de63124157bf4b51,libgetrandom-b171a5e77fc680f5,libuntrusted-f3f552f21fafa95e,librustls_pki_types-3cfdd3bbd505afeb,libzeroize-00eb3ecdb339f369,libtower_http-5e97da351af1d185,libbitflags-ecc01e703b7ec2ae,libtower-07c4795b477f64c9,libtower_layer-477c5ff854a0658c,libhyper_util-a5353d8921dbdf94,libbase64-ee100958bdc4c744,libipnet-8358d2f66ae9fe68,libtower_service-097df9e5a019f3b3,libtracing-6b8a34446c572a0b,libtracing_core-fe6226ee747de7d7,libonce_cell-3b91e9b615e6cae7,libhyper-d662c1cd145ea8e4,libwant-d7380f65ab53d76e,libtry_lock-434a87e521fac125,libhttparse-e3f9caaa175eb7cc,libatomic_waker-ed51704c338938c5,libfutures_channel-b7d98bded4b70753,libfutures_util-5926fdcdae9c06eb,libfutures_task-10e42572ad101e9f,libhttp_body_util-6619e98d2ddd1d1c,libhttp_body-81fc248afb53c100,liburl-9b99829dd03647eb,libidna-4e720e1c2f30ea23,libidna_adapter-154b847b27e0b168,libicu_properties-8de025cbce9fd8e0,libicu_properties_data-75a7825a477103bc,libicu_normalizer-09a9068c2aacfd5b,libicu_normalizer_data-c51626751280f310,libicu_collections-ab14066e18d53c89,libutf8_iter-a35f1942235e3e40,libpotential_utf-d3dcc8e69c470709,libicu_provider-065918406fa44f02,libicu_locale_core-30ca52e7f51b683d,libtinystr-7765338294dab22a,liblitemap-9c3403f06e62386d,libwriteable-24776661c94b1698,libzerovec-a71554bc76f8e41c,libzerotrie-814e6837348e1291,libyoke-153bb1ba14cf65c7,libstable_deref_trait-2685842c12ecd1f2,libzerofrom-558005cf2dfac6aa,libform_urlencoded-9a44fc88cd0e2c37,libpercent_encoding-95e0c3c773de2380,libhttp-21e4ebe1a1675f11,libsync_wrapper-077f8ed50af7b191,libfutures_core-59a6dd184bc8c6d5,libtoml-207b9f0567a700d4,libtoml_edit-17d808c95210b2ef,libserde_spanned-954967329366e462,libindexmap-63bd5109f6531a99,libequivalent-afa078224347cfb1,libhashbrown-d168afce0a7fa32b,libwinnow-517f2d8016600131,libtoml_write-f912835d66907022,libtoml_datetime-69b571331bf2cd9c,libclap_complete-275526b9f14951cc,libchrono-fa11c57850c1e36e,libiana_time_zone-fcf7da2a999a8e46,libnum_traits-743c38bb204f4d73,libanyhow-57cee97fa7b587ba,libserde_json-854907e84dcf4285,libitoa-e940bf7c9c083c64,libzmij-dac683281b28ed51,libnotify-96629c7eff33e1ee,libmio-d3d9630ab65654a3,libcrossbeam_channel-abcfe0b7966599d6,libfiletime-e1c198c8872b90f3,libinotify-9030e70817896eda,libinotify_sys-9f55ebf1dc9560a8,libbitflags-cee6402aec96904c,libtokio-3bf222e279adba61,libsignal_hook_registry-49736fb54333d535,liberrno-c714228892f2e1d2,libsocket2-e34ce81ee9c6e9ec,libbytes-98d227fb8dd5b2b0,libmio-2ef476fa2bcd2821,libparking_lot-2018bd41b85cfefb,libparking_lot_core-94aa05dfb2b0dcb3,liblibc-fbf8bc28fcf89111,libcfg_if-af8482c230d5cbc7,libsmallvec-d39210c48d50f73a,liblock_api-cfaea4dd41b12d37,libscopeguard-ec0fa49a4bb6e222,libpin_project_lite-39bc6792e1748696,libignore-0c68c64242dd4509,libwalkdir-5340530dcf8bedaf,libsame_file-4e4796d0efd5db1b,libcrossbeam_deque-f5254d336ae9f045,libcrossbeam_epoch-e520fc7cc854db5e,libcrossbeam_utils-7905603167135f7d,libglobset-83f168d0a2d029a3,liblog-cf8999da9cba729c,libregex_automata-ed4e11ecc87d81bf,libregex_syntax-2589294370aa6613,libbstr-50349b58fd11ecde,libaho_corasick-d895e8216bc939d7,libmemchr-0ef4f03b36b25240,libserde-f737e5233e1eb93e,libserde_core-50472241cf64cf59,libform3-d8aa885350ab1eac,libclap-790b8382a629e122,libclap_builder-907957e32ab86364,libstrsim-3f1ca007c91986d3,libanstream-d002f44be000a85b,libanstyle_query-a513904800864744,libis_terminal_polyfill-cec1cb8ad672ff05,libcolorchoice-ea4ae1a2aa2ecf71,libanstyle_parse-88299bd109f07bba,libutf8parse-cb3c3b5db9af1162,libclap_lex-0d760923731693f7,libanstyle-b51d84d412de1c3e}.rlib" "<sysroot>/lib/rustlib/x86_64-unknown-linux-gnu/lib/{libstd-*,libpanic_unwind-*,libobject-*,libmemchr-*,libaddr2line-*,libgimli-*,libcfg_if-*,librustc_demangle-*,libstd_detect-*,libhashbrown-*,librustc_std_workspace_alloc-*,libminiz_oxide-*,libadler2-*,libunwind-*,liblibc-*,librustc_std_workspace_core-*,liballoc-*,libcore-*,libcompiler_builtins-*}.rlib" "-Wl,-Bdynamic" "-lgcc_s" "-lutil" "-lrt" "-lpthread" "-lm" "-ldl" "-lc" "-L" "/home/sal/lwoodz/target/debug/deps/rustcP4VEzL/raw-dylibs" "-B<sysroot>/lib/rustlib/x86_64-unknown-linux-gnu/bin/gcc-ld" "-fuse-ld=lld" "-Wl,--eh-frame-hdr" "-Wl,-z,noexecstack" "-L" "/home/sal/lwoodz/target/debug/build/ring-ee84834d7222633d/out" "-L" "<sysroot>/lib/rustlib/x86_64-unknown-linux-gnu/lib" "-o" "/home/sal/lwoodz/target/debug/deps/lwoodz-f3b40fe43e12fd56" "-Wl,--gc-sections" "-pie" "-Wl,-z,relro,-z,now" "-nodefaultlibs"
  = note: some arguments are omitted. use `--verbose` to show all linker arguments
  = note: PLEASE submit a bug report to https://github.com/llvm/llvm-project/issues/ and include the crash backtrace and instructions to reproduce the bug.
          LLVM ERROR: IO failure on output stream: No space left on device
          collect2: error: ld returned 1 exit status
          

error: linking with `cc` failed: exit status: 1
  |
  = note:  "cc" "-m64" "/home/sal/lwoodz/target/debug/deps/rustcsOd40x/symbols.o" "<86 object files omitted>" "-Wl,--as-needed" "-Wl,-Bstatic" "/home/sal/lwoodz/target/debug/deps/{liblwoodz-fbeb0ee9dc3c87e3,libdirs-cc1fec940564726b,libdirs_sys-6b17d03f6d5b7f64,liboption_ext-580e0ca150cb4b2e,libreqwest-2db2df7045b60ad1,libserde_urlencoded-984e18d8188ea168,libryu-6e59eadf09c18c08,libhyper_rustls-12c7fd1237752a31,libwebpki_roots-c54b0ce65e16b44c,libtokio_rustls-388c7800bc8e4b92,librustls-1b9f2f69b8cee5d8,libsubtle-7d0938882ee0c743,libwebpki-36e00c1ff23218d1,libring-de63124157bf4b51,libgetrandom-b171a5e77fc680f5,libuntrusted-f3f552f21fafa95e,librustls_pki_types-3cfdd3bbd505afeb,libzeroize-00eb3ecdb339f369,libtower_http-5e97da351af1d185,libbitflags-ecc01e703b7ec2ae,libtower-07c4795b477f64c9,libtower_layer-477c5ff854a0658c,libhyper_util-a5353d8921dbdf94,libbase64-ee100958bdc4c744,libipnet-8358d2f66ae9fe68,libtower_service-097df9e5a019f3b3,libtracing-6b8a34446c572a0b,libtracing_core-fe6226ee747de7d7,libonce_cell-3b91e9b615e6cae7,libhyper-d662c1cd145ea8e4,libwant-d7380f65ab53d76e,libtry_lock-434a87e521fac125,libhttparse-e3f9caaa175eb7cc,libatomic_waker-ed51704c338938c5,libfutures_channel-b7d98bded4b70753,libfutures_util-5926fdcdae9c06eb,libfutures_task-10e42572ad101e9f,libhttp_body_util-6619e98d2ddd1d1c,libhttp_body-81fc248afb53c100,liburl-9b99829dd03647eb,libidna-4e720e1c2f30ea23,libidna_adapter-154b847b27e0b168,libicu_properties-8de025cbce9fd8e0,libicu_properties_data-75a7825a477103bc,libicu_normalizer-09a9068c2aacfd5b,libicu_normalizer_data-c51626751280f310,libicu_collections-ab14066e18d53c89,libutf8_iter-a35f1942235e3e40,libpotential_utf-d3dcc8e69c470709,libicu_provider-065918406fa44f02,libicu_locale_core-30ca52e7f51b683d,libtinystr-7765338294dab22a,liblitemap-9c3403f06e62386d,libwriteable-24776661c94b1698,libzerovec-a71554bc76f8e41c,libzerotrie-814e6837348e1291,libyoke-153bb1ba14cf65c7,libstable_deref_trait-2685842c12ecd1f2,libzerofrom-558005cf2dfac6aa,libform_urlencoded-9a44fc88cd0e2c37,libpercent_encoding-95e0c3c773de2380,libhttp-21e4ebe1a1675f11,libsync_wrapper-077f8ed50af7b191,libfutures_core-59a6dd184bc8c6d5,libtoml-207b9f0567a700d4,libtoml_edit-17d808c95210b2ef,libserde_spanned-954967329366e462,libindexmap-63bd5109f6531a99,libequivalent-afa078224347cfb1,libhashbrown-d168afce0a7fa32b,libwinnow-517f2d8016600131,libtoml_write-f912835d66907022,libtoml_datetime-69b571331bf2cd9c,libclap_complete-275526b9f14951cc,libchrono-fa11c57850c1e36e,libiana_time_zone-fcf7da2a999a8e46,libnum_traits-743c38bb204f4d73,libanyhow-57cee97fa7b587ba,libserde_json-854907e84dcf4285,libitoa-e940bf7c9c083c64,libzmij-dac683281b28ed51,libform3-d8aa885350ab1eac,libnotify-96629c7eff33e1ee,libmio-d3d9630ab65654a3,libcrossbeam_channel-abcfe0b7966599d6,libfiletime-e1c198c8872b90f3,libinotify-9030e70817896eda,libinotify_sys-9f55ebf1dc9560a8,libbitflags-cee6402aec96904c,libtokio-3bf222e279adba61,libsignal_hook_registry-49736fb54333d535,liberrno-c714228892f2e1d2,libsocket2-e34ce81ee9c6e9ec,libbytes-98d227fb8dd5b2b0,libmio-2ef476fa2bcd2821,libparking_lot-2018bd41b85cfefb,libparking_lot_core-94aa05dfb2b0dcb3,liblibc-fbf8bc28fcf89111,libcfg_if-af8482c230d5cbc7,libsmallvec-d39210c48d50f73a,liblock_api-cfaea4dd41b12d37,libscopeguard-ec0fa49a4bb6e222,libpin_project_lite-39bc6792e1748696,libignore-0c68c64242dd4509,libwalkdir-5340530dcf8bedaf,libsame_file-4e4796d0efd5db1b,libcrossbeam_deque-f5254d336ae9f045,libcrossbeam_epoch-e520fc7cc854db5e,libcrossbeam_utils-7905603167135f7d,libglobset-83f168d0a2d029a3,liblog-cf8999da9cba729c,libregex_automata-ed4e11ecc87d81bf,libregex_syntax-2589294370aa6613,libbstr-50349b58fd11ecde,libaho_corasick-d895e8216bc939d7,libmemchr-0ef4f03b36b25240,libserde-f737e5233e1eb93e,libserde_core-50472241cf64cf59,libclap-790b8382a629e122,libclap_builder-907957e32ab86364,libstrsim-3f1ca007c91986d3,libanstream-d002f44be000a85b,libanstyle_query-a513904800864744,libis_terminal_polyfill-cec1cb8ad672ff05,libcolorchoice-ea4ae1a2aa2ecf71,libanstyle_parse-88299bd109f07bba,libutf8parse-cb3c3b5db9af1162,libclap_lex-0d760923731693f7,libanstyle-b51d84d412de1c3e}.rlib" "<sysroot>/lib/rustlib/x86_64-unknown-linux-gnu/lib/{libstd-*,libpanic_unwind-*,libobject-*,libmemchr-*,libaddr2line-*,libgimli-*,libcfg_if-*,librustc_demangle-*,libstd_detect-*,libhashbrown-*,librustc_std_workspace_alloc-*,libminiz_oxide-*,libadler2-*,libunwind-*,liblibc-*,librustc_std_workspace_core-*,liballoc-*,libcore-*,libcompiler_builtins-*}.rlib" "-Wl,-Bdynamic" "-lgcc_s" "-lutil" "-lrt" "-lpthread" "-lm" "-ldl" "-lc" "-L" "/home/sal/lwoodz/target/debug/deps/rustcsOd40x/raw-dylibs" "-B<sysroot>/lib/rustlib/x86_64-unknown-linux-gnu/bin/gcc-ld" "-fuse-ld=lld" "-Wl,--eh-frame-hdr" "-Wl,-z,noexecstack" "-L" "/home/sal/lwoodz/target/debug/build/ring-ee84834d7222633d/out" "-L" "<sysroot>/lib/rustlib/x86_64-unknown-linux-gnu/lib" "-o" "/home/sal/lwoodz/target/debug/deps/lwoodz_cli-88ffb0201bba6715" "-Wl,--gc-sections" "-pie" "-Wl,-z,relro,-z,now" "-nodefaultlibs"
  = note: some arguments are omitted. use `--verbose` to show all linker arguments
  = note: PLEASE submit a bug report to https://github.com/llvm/llvm-project/issues/ and include the crash backtrace and instructions to reproduce the bug.
          LLVM ERROR: IO failure on output stream: No space left on device
          collect2: error: ld returned 1 exit status
          

error: linking with `cc` failed: exit status: 1
  |
  = note:  "cc" "-m64" "/home/sal/lwoodz/target/debug/deps/rustclBru9f/symbols.o" "<257 object files omitted>" "-Wl,--as-needed" "-Wl,-Bstatic" "/home/sal/lwoodz/target/debug/deps/{libdirs-cc1fec940564726b,libdirs_sys-6b17d03f6d5b7f64,liboption_ext-580e0ca150cb4b2e,libreqwest-2db2df7045b60ad1,libserde_urlencoded-984e18d8188ea168,libryu-6e59eadf09c18c08,libhyper_rustls-12c7fd1237752a31,libwebpki_roots-c54b0ce65e16b44c,libtokio_rustls-388c7800bc8e4b92,librustls-1b9f2f69b8cee5d8,libsubtle-7d0938882ee0c743,libwebpki-36e00c1ff23218d1,libring-de63124157bf4b51,libgetrandom-b171a5e77fc680f5,libuntrusted-f3f552f21fafa95e,librustls_pki_types-3cfdd3bbd505afeb,libzeroize-00eb3ecdb339f369,libtower_http-5e97da351af1d185,libtower-07c4795b477f64c9,libtower_layer-477c5ff854a0658c,libhyper_util-a5353d8921dbdf94,libbase64-ee100958bdc4c744,libipnet-8358d2f66ae9fe68,libtower_service-097df9e5a019f3b3,libtracing-6b8a34446c572a0b,libtracing_core-fe6226ee747de7d7,libhyper-d662c1cd145ea8e4,libwant-d7380f65ab53d76e,libtry_lock-434a87e521fac125,libhttparse-e3f9caaa175eb7cc,libatomic_waker-ed51704c338938c5,libfutures_channel-b7d98bded4b70753,libfutures_util-5926fdcdae9c06eb,libfutures_task-10e42572ad101e9f,libhttp_body_util-6619e98d2ddd1d1c,libhttp_body-81fc248afb53c100,liburl-9b99829dd03647eb,libidna-4e720e1c2f30ea23,libidna_adapter-154b847b27e0b168,libicu_properties-8de025cbce9fd8e0,libicu_properties_data-75a7825a477103bc,libicu_normalizer-09a9068c2aacfd5b,libicu_normalizer_data-c51626751280f310,libicu_collections-ab14066e18d53c89,libutf8_iter-a35f1942235e3e40,libpotential_utf-d3dcc8e69c470709,libicu_provider-065918406fa44f02,libicu_locale_core-30ca52e7f51b683d,libtinystr-7765338294dab22a,liblitemap-9c3403f06e62386d,libwriteable-24776661c94b1698,libzerovec-a71554bc76f8e41c,libzerotrie-814e6837348e1291,libyoke-153bb1ba14cf65c7,libstable_deref_trait-2685842c12ecd1f2,libzerofrom-558005cf2dfac6aa,libform_urlencoded-9a44fc88cd0e2c37,libpercent_encoding-95e0c3c773de2380,libhttp-21e4ebe1a1675f11,libsync_wrapper-077f8ed50af7b191,libfutures_core-59a6dd184bc8c6d5,libtempfile-c355cf801112473a,libgetrandom-503d18bcd044724f,libfastrand-cc794ed6fd3d46c5,libonce_cell-3b91e9b615e6cae7,librustix-e054f8c3242f1341,libbitflags-ecc01e703b7ec2ae,liblinux_raw_sys-0338b05ec68bf392,libtoml-207b9f0567a700d4,libtoml_edit-17d808c95210b2ef,libserde_spanned-954967329366e462,libindexmap-63bd5109f6531a99,libequivalent-afa078224347cfb1,libhashbrown-d168afce0a7fa32b,libwinnow-517f2d8016600131,libtoml_write-f912835d66907022,libtoml_datetime-69b571331bf2cd9c,libclap_complete-275526b9f14951cc,libchrono-fa11c57850c1e36e,libiana_time_zone-fcf7da2a999a8e46,libnum_traits-743c38bb204f4d73,libanyhow-57cee97fa7b587ba,libserde_json-854907e84dcf4285,libitoa-e940bf7c9c083c64,libzmij-dac683281b28ed51}.rlib" "<sysroot>/lib/rustlib/x86_64-unknown-linux-gnu/lib/{libtest-*,libgetopts-*,librustc_std_workspace_std-*}.rlib" "/home/sal/lwoodz/target/debug/deps/{libform3-d8aa885350ab1eac,libnotify-96629c7eff33e1ee,libmio-d3d9630ab65654a3,libcrossbeam_channel-abcfe0b7966599d6,libfiletime-e1c198c8872b90f3,libinotify-9030e70817896eda,libinotify_sys-9f55ebf1dc9560a8,libbitflags-cee6402aec96904c,libtokio-3bf222e279adba61,libsignal_hook_registry-49736fb54333d535,liberrno-c714228892f2e1d2,libsocket2-e34ce81ee9c6e9ec,libbytes-98d227fb8dd5b2b0,libmio-2ef476fa2bcd2821,libparking_lot-2018bd41b85cfefb,libparking_lot_core-94aa05dfb2b0dcb3,liblibc-fbf8bc28fcf89111,libcfg_if-af8482c230d5cbc7,libsmallvec-d39210c48d50f73a,liblock_api-cfaea4dd41b12d37,libscopeguard-ec0fa49a4bb6e222,libpin_project_lite-39bc6792e1748696,libclap-790b8382a629e122,libclap_builder-907957e32ab86364,libstrsim-3f1ca007c91986d3,libanstream-d002f44be000a85b,libanstyle_query-a513904800864744,libis_terminal_polyfill-cec1cb8ad672ff05,libcolorchoice-ea4ae1a2aa2ecf71,libanstyle_parse-88299bd109f07bba,libutf8parse-cb3c3b5db9af1162,libclap_lex-0d760923731693f7,libanstyle-b51d84d412de1c3e,libignore-0c68c64242dd4509,libwalkdir-5340530dcf8bedaf,libsame_file-4e4796d0efd5db1b,libcrossbeam_deque-f5254d336ae9f045,libcrossbeam_epoch-e520fc7cc854db5e,libcrossbeam_utils-7905603167135f7d,libglobset-83f168d0a2d029a3,liblog-cf8999da9cba729c,libregex_automata-ed4e11ecc87d81bf,libregex_syntax-2589294370aa6613,libbstr-50349b58fd11ecde,libaho_corasick-d895e8216bc939d7,libmemchr-0ef4f03b36b25240,libserde-f737e5233e1eb93e,libserde_core-50472241cf64cf59}.rlib" "<sysroot>/lib/rustlib/x86_64-unknown-linux-gnu/lib/{libstd-*,libpanic_unwind-*,libobject-*,libmemchr-*,libaddr2line-*,libgimli-*,libcfg_if-*,librustc_demangle-*,libstd_detect-*,libhashbrown-*,librustc_std_workspace_alloc-*,libminiz_oxide-*,libadler2-*,libunwind-*,liblibc-*,librustc_std_workspace_core-*,liballoc-*,libcore-*,libcompiler_builtins-*}.rlib" "-Wl,-Bdynamic" "-lgcc_s" "-lutil" "-lrt" "-lpthread" "-lm" "-ldl" "-lc" "-L" "/home/sal/lwoodz/target/debug/deps/rustclBru9f/raw-dylibs" "-B<sysroot>/lib/rustlib/x86_64-unknown-linux-gnu/bin/gcc-ld" "-fuse-ld=lld" "-Wl,--eh-frame-hdr" "-Wl,-z,noexecstack" "-L" "/home/sal/lwoodz/target/debug/build/ring-ee84834d7222633d/out" "-L" "<sysroot>/lib/rustlib/x86_64-unknown-linux-gnu/lib" "-o" "/home/sal/lwoodz/target/debug/deps/lwoodz-63c5cee1be983b54" "-Wl,--gc-sections" "-pie" "-Wl,-z,relro,-z,now" "-nodefaultlibs"
  = note: some arguments are omitted. use `--verbose` to show all linker arguments
  = note: PLEASE submit a bug report to https://github.com/llvm/llvm-project/issues/ and include the crash backtrace and instructions to reproduce the bug.
          LLVM ERROR: IO failure on output stream: No space left on device
          collect2: error: ld returned 1 exit status
          

error: could not compile `lwoodz` (bin "lwoodz") due to 1 previous error
warning: build failed, waiting for other jobs to finish...
error: could not compile `lwoodz` (bin "lwoodz-cli") due to 1 previous error
error: could not compile `lwoodz` (lib test) due to 1 previous error [3mfailed_tests[0m[2m=[0m[]
[2m2026-08-27T17:50:14.258617Z[0m [32m INFO[0m [2mkaptaind::daemon::scheduler[0m[2m:[0m cluster window expired by timeout [3mcluster_id[0m[2m=[0mc209a1d4-67f4-4eca-96b7-d3b003c38d78
[2m2026-08-27T17:50:17.597331Z[0m [33m WARN[0m [2mkaptaind::daemon::scheduler[0m[2m:[0m test hook failed; skipping automation [3mcode[0m[2m=[0mSome(101) [3mstderr[0m[2m=[0mCompiling lwoodz v0.3.9 (/home/sal/lwoodz)
rustc-LLVM ERROR: IO failure on output stream: No space left on device
rustc-LLVM ERROR: IO failure on output stream: No space left on device
error: could not compile `lwoodz` (bin "lwoodz")

Caused by:
  No space left on device (os error 28)

Caused by:
  failed to parse process output: `/home/sal/.rustup/toolchains/stable-x86_64-unknown-linux-gnu/bin/rustc --crate-name lwoodz --edition=2021 src/main.rs --error-format=json --json=diagnostic-rendered-ansi,artifacts,future-incompat --crate-type bin --emit=dep-info,link -C embed-bitcode=no -C debuginfo=2 --check-cfg 'cfg(docsrs,test)' --check-cfg 'cfg(feature, values())' -C metadata=8a620a99e2e8f5b2 -C extra-filename=-f3b40fe43e12fd56 --out-dir /home/sal/lwoodz/target/debug/deps -C incremental=/home/sal/lwoodz/target/debug/incremental -L dependency=/home/sal/lwoodz/target/debug/deps --extern anyhow=/home/sal/lwoodz/target/debug/deps/libanyhow-57cee97fa7b587ba.rlib --extern chrono=/home/sal/lwoodz/target/debug/deps/libchrono-fa11c57850c1e36e.rlib --extern clap=/home/sal/lwoodz/target/debug/deps/libclap-790b8382a629e122.rlib --extern clap_complete=/home/sal/lwoodz/target/debug/deps/libclap_complete-275526b9f14951cc.rlib --extern dirs=/home/sal/lwoodz/target/debug/deps/libdirs-cc1fec940564726b.rlib --extern form3=/home/sal/lwoodz/target/debug/deps/libform3-d8aa885350ab1eac.rlib --extern hex=/home/sal/lwoodz/target/debug/deps/libhex-522fe46b32976465.rlib --extern ignore=/home/sal/lwoodz/target/debug/deps/libignore-0c68c64242dd4509.rlib --extern lwoodz=/home/sal/lwoodz/target/debug/deps/liblwoodz-fbeb0ee9dc3c87e3.rlib --extern notify=/home/sal/lwoodz/target/debug/deps/libnotify-96629c7eff33e1ee.rlib --extern regex=/home/sal/lwoodz/target/debug/deps/libregex-f834bc266eaa9dcb.rlib --extern reqwest=/home/sal/lwoodz/target/debug/deps/libreqwest-2db2df7045b60ad1.rlib --extern semver=/home/sal/lwoodz/target/debug/deps/libsemver-ce75c05bdea865ff.rlib --extern serde=/home/sal/lwoodz/target/debug/deps/libserde-f737e5233e1eb93e.rlib --extern serde_json=/home/sal/lwoodz/target/debug/deps/libserde_json-854907e84dcf4285.rlib --extern sha2=/home/sal/lwoodz/target/debug/deps/libsha2-fda5915eb6c82cb4.rlib --extern thiserror=/home/sal/lwoodz/target/debug/deps/libthiserror-4fda8ed68a292d5e.rlib --extern tokio=/home/sal/lwoodz/target/debug/deps/libtokio-3bf222e279adba61.rlib --extern toml=/home/sal/lwoodz/target/debug/deps/libtoml-207b9f0567a700d4.rlib --extern walkdir=/home/sal/lwoodz/target/debug/deps/libwalkdir-5340530dcf8bedaf.rlib -L native=/home/sal/lwoodz/target/debug/build/ring-ee84834d7222633d/out` (exit status: 101)
warning: build failed, waiting for other jobs to finish...
error: could not compile `lwoodz` (bin "lwoodz-cli")

Caused by:
  No space left on device (os error 28)

Caused by:
  failed to parse process output: `/home/sal/.rustup/toolchains/stable-x86_64-unknown-linux-gnu/bin/rustc --crate-name lwoodz_cli --edition=2021 src/bin/cli.rs --error-format=json --json=diagnostic-rendered-ansi,artifacts,future-incompat --crate-type bin --emit=dep-info,link -C embed-bitcode=no -C debuginfo=2 --check-cfg 'cfg(docsrs,test)' --check-cfg 'cfg(feature, values())' -C metadata=f100b262de670fa5 -C extra-filename=-88ffb0201bba6715 --out-dir /home/sal/lwoodz/target/debug/deps -C incremental=/home/sal/lwoodz/target/debug/incremental -L dependency=/home/sal/lwoodz/target/debug/deps --extern anyhow=/home/sal/lwoodz/target/debug/deps/libanyhow-57cee97fa7b587ba.rlib --extern chrono=/home/sal/lwoodz/target/debug/deps/libchrono-fa11c57850c1e36e.rlib --extern clap=/home/sal/lwoodz/target/debug/deps/libclap-790b8382a629e122.rlib --extern clap_complete=/home/sal/lwoodz/target/debug/deps/libclap_complete-275526b9f14951cc.rlib --extern dirs=/home/sal/lwoodz/target/debug/deps/libdirs-cc1fec940564726b.rlib --extern form3=/home/sal/lwoodz/target/debug/deps/libform3-d8aa885350ab1eac.rlib --extern hex=/home/sal/lwoodz/target/debug/deps/libhex-522fe46b32976465.rlib --extern ignore=/home/sal/lwoodz/target/debug/deps/libignore-0c68c64242dd4509.rlib --extern lwoodz=/home/sal/lwoodz/target/debug/deps/liblwoodz-fbeb0ee9dc3c87e3.rlib --extern notify=/home/sal/lwoodz/target/debug/deps/libnotify-96629c7eff33e1ee.rlib --extern regex=/home/sal/lwoodz/target/debug/deps/libregex-f834bc266eaa9dcb.rlib --extern reqwest=/home/sal/lwoodz/target/debug/deps/libreqwest-2db2df7045b60ad1.rlib --extern semver=/home/sal/lwoodz/target/debug/deps/libsemver-ce75c05bdea865ff.rlib --extern serde=/home/sal/lwoodz/target/debug/deps/libserde-f737e5233e1eb93e.rlib --extern serde_json=/home/sal/lwoodz/target/debug/deps/libserde_json-854907e84dcf4285.rlib --extern sha2=/home/sal/lwoodz/target/debug/deps/libsha2-fda5915eb6c82cb4.rlib --extern thiserror=/home/sal/lwoodz/target/debug/deps/libthiserror-4fda8ed68a292d5e.rlib --extern tokio=/home/sal/lwoodz/target/debug/deps/libtokio-3bf222e279adba61.rlib --extern toml=/home/sal/lwoodz/target/debug/deps/libtoml-207b9f0567a700d4.rlib --extern walkdir=/home/sal/lwoodz/target/debug/deps/libwalkdir-5340530dcf8bedaf.rlib -L native=/home/sal/lwoodz/target/debug/build/ring-ee84834d7222633d/out` (exit status: 101)
error: linking with `cc` failed: exit status: 1
  |
  = note:  "cc" "-m64" "/home/sal/lwoodz/target/debug/deps/rustcu8yGgS/symbols.o" "<257 object files omitted>" "-Wl,--as-needed" "-Wl,-Bstatic" "/home/sal/lwoodz/target/debug/deps/{libdirs-cc1fec940564726b,libdirs_sys-6b17d03f6d5b7f64,liboption_ext-580e0ca150cb4b2e,libreqwest-2db2df7045b60ad1,libserde_urlencoded-984e18d8188ea168,libryu-6e59eadf09c18c08,libhyper_rustls-12c7fd1237752a31,libwebpki_roots-c54b0ce65e16b44c,libtokio_rustls-388c7800bc8e4b92,librustls-1b9f2f69b8cee5d8,libsubtle-7d0938882ee0c743,libwebpki-36e00c1ff23218d1,libring-de63124157bf4b51,libgetrandom-b171a5e77fc680f5,libuntrusted-f3f552f21fafa95e,librustls_pki_types-3cfdd3bbd505afeb,libzeroize-00eb3ecdb339f369,libtower_http-5e97da351af1d185,libtower-07c4795b477f64c9,libtower_layer-477c5ff854a0658c,libhyper_util-a5353d8921dbdf94,libbase64-ee100958bdc4c744,libipnet-8358d2f66ae9fe68,libtower_service-097df9e5a019f3b3,libtracing-6b8a34446c572a0b,libtracing_core-fe6226ee747de7d7,libhyper-d662c1cd145ea8e4,libwant-d7380f65ab53d76e,libtry_lock-434a87e521fac125,libhttparse-e3f9caaa175eb7cc,libatomic_waker-ed51704c338938c5,libfutures_channel-b7d98bded4b70753,libfutures_util-5926fdcdae9c06eb,libfutures_task-10e42572ad101e9f,libhttp_body_util-6619e98d2ddd1d1c,libhttp_body-81fc248afb53c100,liburl-9b99829dd03647eb,libidna-4e720e1c2f30ea23,libidna_adapter-154b847b27e0b168,libicu_properties-8de025cbce9fd8e0,libicu_properties_data-75a7825a477103bc,libicu_normalizer-09a9068c2aacfd5b,libicu_normalizer_data-c51626751280f310,libicu_collections-ab14066e18d53c89,libutf8_iter-a35f1942235e3e40,libpotential_utf-d3dcc8e69c470709,libicu_provider-065918406fa44f02,libicu_locale_core-30ca52e7f51b683d,libtinystr-7765338294dab22a,liblitemap-9c3403f06e62386d,libwriteable-24776661c94b1698,libzerovec-a71554bc76f8e41c,libzerotrie-814e6837348e1291,libyoke-153bb1ba14cf65c7,libstable_deref_trait-2685842c12ecd1f2,libzerofrom-558005cf2dfac6aa,libform_urlencoded-9a44fc88cd0e2c37,libpercent_encoding-95e0c3c773de2380,libhttp-21e4ebe1a1675f11,libsync_wrapper-077f8ed50af7b191,libfutures_core-59a6dd184bc8c6d5,libtempfile-c355cf801112473a,libgetrandom-503d18bcd044724f,libfastrand-cc794ed6fd3d46c5,libonce_cell-3b91e9b615e6cae7,librustix-e054f8c3242f1341,libbitflags-ecc01e703b7ec2ae,liblinux_raw_sys-0338b05ec68bf392,libtoml-207b9f0567a700d4,libtoml_edit-17d808c95210b2ef,libserde_spanned-954967329366e462,libindexmap-63bd5109f6531a99,libequivalent-afa078224347cfb1,libhashbrown-d168afce0a7fa32b,libwinnow-517f2d8016600131,libtoml_write-f912835d66907022,libtoml_datetime-69b571331bf2cd9c,libclap_complete-275526b9f14951cc,libchrono-fa11c57850c1e36e,libiana_time_zone-fcf7da2a999a8e46,libnum_traits-743c38bb204f4d73,libanyhow-57cee97fa7b587ba,libserde_json-854907e84dcf4285,libitoa-e940bf7c9c083c64,libzmij-dac683281b28ed51}.rlib" "<sysroot>/lib/rustlib/x86_64-unknown-linux-gnu/lib/{libtest-*,libgetopts-*,librustc_std_workspace_std-*}.rlib" "/home/sal/lwoodz/target/debug/deps/{libform3-d8aa885350ab1eac,libnotify-96629c7eff33e1ee,libmio-d3d9630ab65654a3,libcrossbeam_channel-abcfe0b7966599d6,libfiletime-e1c198c8872b90f3,libinotify-9030e70817896eda,libinotify_sys-9f55ebf1dc9560a8,libbitflags-cee6402aec96904c,libtokio-3bf222e279adba61,libsignal_hook_registry-49736fb54333d535,liberrno-c714228892f2e1d2,libsocket2-e34ce81ee9c6e9ec,libbytes-98d227fb8dd5b2b0,libmio-2ef476fa2bcd2821,libparking_lot-2018bd41b85cfefb,libparking_lot_core-94aa05dfb2b0dcb3,liblibc-fbf8bc28fcf89111,libcfg_if-af8482c230d5cbc7,libsmallvec-d39210c48d50f73a,liblock_api-cfaea4dd41b12d37,libscopeguard-ec0fa49a4bb6e222,libpin_project_lite-39bc6792e1748696,libclap-790b8382a629e122,libclap_builder-907957e32ab86364,libstrsim-3f1ca007c91986d3,libanstream-d002f44be000a85b,libanstyle_query-a513904800864744,libis_terminal_polyfill-cec1cb8ad672ff05,libcolorchoice-ea4ae1a2aa2ecf71,libanstyle_parse-88299bd109f07bba,libutf8parse-cb3c3b5db9af1162,libclap_lex-0d760923731693f7,libanstyle-b51d84d412de1c3e,libignore-0c68c64242dd4509,libwalkdir-5340530dcf8bedaf,libsame_file-4e4796d0efd5db1b,libcrossbeam_deque-f5254d336ae9f045,libcrossbeam_epoch-e520fc7cc854db5e,libcrossbeam_utils-7905603167135f7d,libglobset-83f168d0a2d029a3,liblog-cf8999da9cba729c,libregex_automata-ed4e11ecc87d81bf,libregex_syntax-2589294370aa6613,libbstr-50349b58fd11ecde,libaho_corasick-d895e8216bc939d7,libmemchr-0ef4f03b36b25240,libserde-f737e5233e1eb93e,libserde_core-50472241cf64cf59}.rlib" "<sysroot>/lib/rustlib/x86_64-unknown-linux-gnu/lib/{libstd-*,libpanic_unwind-*,libobject-*,libmemchr-*,libaddr2line-*,libgimli-*,libcfg_if-*,librustc_demangle-*,libstd_detect-*,libhashbrown-*,librustc_std_workspace_alloc-*,libminiz_oxide-*,libadler2-*,libunwind-*,liblibc-*,librustc_std_workspace_core-*,liballoc-*,libcore-*,libcompiler_builtins-*}.rlib" "-Wl,-Bdynamic" "-lgcc_s" "-lutil" "-lrt" "-lpthread" "-lm" "-ldl" "-lc" "-L" "/home/sal/lwoodz/target/debug/deps/rustcu8yGgS/raw-dylibs" "-B<sysroot>/lib/rustlib/x86_64-unknown-linux-gnu/bin/gcc-ld" "-fuse-ld=lld" "-Wl,--eh-frame-hdr" "-Wl,-z,noexecstack" "-L" "/home/sal/lwoodz/target/debug/build/ring-ee84834d7222633d/out" "-L" "<sysroot>/lib/rustlib/x86_64-unknown-linux-gnu/lib" "-o" "/home/sal/lwoodz/target/debug/deps/lwoodz-63c5cee1be983b54" "-Wl,--gc-sections" "-pie" "-Wl,-z,relro,-z,now" "-nodefaultlibs"
  = note: some arguments are omitted. use `--verbose` to show all linker arguments
  = note: collect2: fatal error: ld terminated with signal 7 [Bus error], core dumped
          compilation terminated.
          

error: could not compile `lwoodz` (lib test) due to 1 previous error [3mfailed_tests[0m[2m=[0m[]
[2m2026-08-27T17:50:56.329120Z[0m [32m INFO[0m [2mkaptaind::daemon::scheduler[0m[2m:[0m cluster window expired by timeout [3mcluster_id[0m[2m=[0m4116e695-e97f-42ca-9bb1-5f97ce4f52e1
[2m2026-08-27T17:50:56.582668Z[0m [33m WARN[0m [2mkaptaind::daemon::scheduler[0m[2m:[0m test hook failed; skipping automation [3mcode[0m[2m=[0mSome(101) [3mstderr[0m[2m=[0mBlocking waiting for file lock on package cache
warning: failed to save last-use data
This may prevent cargo from accurately tracking what is being used in its global cache. This information is used for automatically removing unused data in the cache.

database or disk is full

Caused by:
  Error code 13: database or disk is full
   Compiling lwoodz v0.3.9 (/home/sal/lwoodz)
error: failed to write `/home/sal/lwoodz/target/debug/.fingerprint/lwoodz-63c5cee1be983b54/invoked.timestamp`

Caused by:
  No space left on device (os error 28)
warning: build failed, waiting for other jobs to finish...
error: failed to write `/home/sal/lwoodz/target/debug/.fingerprint/lwoodz-88ffb0201bba6715/invoked.timestamp`

Caused by:
  No space left on device (os error 28)
error: failed to write `/home/sal/lwoodz/target/debug/.fingerprint/lwoodz-f3b40fe43e12fd56/invoked.timestamp`

Caused by:
  No space left on device (os error 28) [3mfailed_tests[0m[2m=[0m[]
[2m2026-08-27T17:52:41.438552Z[0m [32m INFO[0m [2mkaptaind::daemon::scheduler[0m[2m:[0m cluster window expired by timeout [3mcluster_id[0m[2m=[0m0e2d22fc-398e-4929-9e3c-7c8546f773c2
[2m2026-08-27T17:55:13.478067Z[0m [32m INFO[0m [2mkaptaind::daemon::scheduler[0m[2m:[0m cluster window expired by timeout [3mcluster_id[0m[2m=[0m1b76cc38-1c48-4cf6-96a0-3ed965e67015
[2m2026-08-27T17:55:15.444726Z[0m [32m INFO[0m [2mkaptaind::daemon::scheduler[0m[2m:[0m Token usage and cost tracking [3minput_tokens[0m[2m=[0m3225 [3moutput_tokens[0m[2m=[0m35 [3mmarginal_cost[0m[2m=[0m0.001665 [3maggregate_cost[0m[2m=[0m2430.341680499999
[2m2026-08-27T17:55:22.608323Z[0m [32m INFO[0m [2mkaptaind::daemon::scheduler[0m[2m:[0m cluster window expired by timeout [3mcluster_id[0m[2m=[0m8b6abfcd-f0c8-4fc9-9f94-7e522f4df72c
[2m2026-08-27T17:59:59.732664Z[0m [32m INFO[0m [2mkaptaind::daemon::scheduler[0m[2m:[0m cluster window expired by timeout [3mcluster_id[0m[2m=[0ma47a6fc1-3d4a-4e53-9372-eb894872a55f
[2m2026-08-27T18:05:49.027050Z[0m [32m INFO[0m [2mkaptaind::daemon::runtime[0m[2m:[0m pruned analysis artifacts [3mdeleted[0m[2m=[0m0 [3merrors[0m[2m=[0m0
[2m2026-08-27T18:15:46.505655Z[0m [32m INFO[0m [2mkaptaind::daemon::scheduler[0m[2m:[0m cluster window expired by timeout [3mcluster_id[0m[2m=[0m6416fd0e-a834-4d72-bbb3-eeae2b6e32f1
[2m2026-08-27T18:33:27.158666Z[0m [32m INFO[0m [2mkaptaind::daemon::scheduler[0m[2m:[0m cluster window expired by timeout [3mcluster_id[0m[2m=[0m37a69c62-bdf6-47d2-bc18-5bccecf66579
[2m2026-08-27T18:33:29.988588Z[0m [32m INFO[0m [2mkaptaind::daemon::scheduler[0m[2m:[0m Token usage and cost tracking [3minput_tokens[0m[2m=[0m6094 [3moutput_tokens[0m[2m=[0m35 [3mmarginal_cost[0m[2m=[0m0.0030995000000000003 [3maggregate_cost[0m[2m=[0m2430.344779999999
[2m2026-08-27T18:33:37.793386Z[0m [32m INFO[0m [2mkaptaind::daemon::scheduler[0m[2m:[0m cluster window expired by timeout [3mcluster_id[0m[2m=[0m45e4ded4-2542-405b-93c9-8f96241adea1
[2m2026-08-27T18:39:21.780043Z[0m [32m INFO[0m [2mkaptaind::daemon::scheduler[0m[2m:[0m cluster window expired by timeout [3mcluster_id[0m[2m=[0mbdd9da65-baab-4d27-84d0-037e0038d524
[2m2026-08-27T19:05:17.461783Z[0m [32m INFO[0m [2mkaptaind::daemon::scheduler[0m[2m:[0m cluster window expired by timeout [3mcluster_id[0m[2m=[0ma831afa7-47c3-46b5-b307-6796f28d503d
[2m2026-08-27T19:05:49.264987Z[0m [32m INFO[0m [2mkaptaind::daemon::runtime[0m[2m:[0m pruned analysis artifacts [3mdeleted[0m[2m=[0m0 [3merrors[0m[2m=[0m0
[2m2026-08-27T19:05:56.636696Z[0m [32m INFO[0m [2mkaptaind::daemon::scheduler[0m[2m:[0m Token usage and cost tracking [3minput_tokens[0m[2m=[0m1 [3moutput_tokens[0m[2m=[0m35 [3mmarginal_cost[0m[2m=[0m0.00005300000000000001 [3maggregate_cost[0m[2m=[0m2430.344832999999
